Γû▓ Next.js 16.1.7 (Turbopack)
- Environments: .env.local

  Creating an optimized production build ...
npx : Error: Cannot apply unknown 
utility class `dark`
At line:1 char:1
+ npx next build > build_error.log 
2>&1
+ 
~~~~~~~~~~~~~~~~~~~~~~~~~~~~~~~~~~~~~
    + CategoryInfo          : NotSpec 
   ified: (Error: Cannot a...ty clas  
  s `dark`:String) [], RemoteExcept   
 ion
    + FullyQualifiedErrorId : NativeC 
   ommandError
 
    [2m[at onInvalidCandidate (D:\Moc
kpay\frontend\node_modules\tailwindcss
\dist\lib.js:21:1511)][0m
    [2m[at Ee (D:\Mockpay\frontend\no
de_modules\tailwindcss\dist\lib.js:16:
36740)][0m
    [2m[at D:\Mockpay\frontend\node_m
odules\tailwindcss\dist\lib.js:21:355]
[0m
    [2m[at Pr (D:\Mockpay\frontend\no
de_modules\tailwindcss\dist\lib.js:3:1
733)][0m
    [2m[at _ (D:\Mockpay\frontend\nod
e_modules\tailwindcss\dist\lib.js:3:13
77)][0m
    [2m[at Te (D:\Mockpay\frontend\no
de_modules\tailwindcss\dist\lib.js:21:
172)][0m
    [2m[at pn (D:\Mockpay\frontend\no
de_modules\tailwindcss\dist\lib.js:38:
294)][0m
    [2m[at async dn (D:\Mockpay\front
end\node_modules\tailwindcss\dist\lib.
js:38:631)][0m
    [2m[at async Xr (D:\Mockpay\front
end\node_modules\@tailwindcss\node\dis
t\index.js:10:3417)][0m
    [2m[at async N (D:\Mockpay\fronte
nd\node_modules\@tailwindcss\postcss\d
ist\index.js:10:3979)][0m

> Build error occurred
Error: Turbopack build failed with 1 
errors:
./app/globals.css
Error evaluating Node.js code
CssSyntaxError: tailwindcss: D:\Mockpa
y\frontend\app\globals.css:1:1: 
Cannot apply unknown utility class 
`dark`
    at Input.error (node_modules/postc
ss/lib/input.js:135:16) [D:\Mockpay\fr
ontend\.next\build\chunks\node_modules
_fe693df6._.js:4651:22]
    at Root.error (node_modules/postcs
s/lib/node.js:146:32) [D:\Mockpay\fron
tend\.next\build\chunks\node_modules_f
e693df6._.js:928:38]
    [at Object.Once (D:\Mockpay\fronte
nd\node_modules\@tailwindcss\postcss\d
ist\index.js:10:6913)]
    at async LazyResult.runAsync (node
_modules/postcss/lib/lazy-result.js:29
3:11) [D:\Mockpay\frontend\.next\build
\chunks\node_modules_fe693df6._.js:621
4:21]
    at async transform (turbopack:///[
turbopack-node]/transforms/postcss.ts:
70:34) [D:\Mockpay\frontend\.next\buil
d\chunks\[root-of-the-server]__51225da
f._.js:146:36]
    at async run (turbopack:///[turbop
ack-node]/ipc/evaluate.ts:92:23) [D:\M
ockpay\frontend\.next\build\chunks\[ro
ot-of-the-server]__974941ed._.js:443:3
1]

Import trace:
  Client Component Browser:
    ./app/globals.css [Client 
Component Browser]
    ./app/layout.tsx [Server 
Component]


    at async transform (turbopack:///[
turbopack-node]/transforms/postcss.ts:
70:34) [D:\Mockpay\frontend\.next\buil
d\chunks\[root-of-the-server]__51225da
f._.js:146:36])
    at async run (turbopack:///[turbop
ack-node]/ipc/evaluate.ts:92:23) [D:\M
ockpay\frontend\.next\build\chunks\[ro
ot-of-the-server]__974941ed._.js:443:3
1])
